// ==UserScript==
// @name     Url with port
// @grant    GM_addElement
// @include  *://localhost/
// @version  1.0.0
// ==/UserScript==
